UW5 executed mutation failure excerpts

M1  promise resolved "undefined" instead of rejecting at direct drain assertion
M2  expected { staleKey: '', navigableCommit: '' }, received undefined
M3  AssertionError: expected null not to be null
M4  expected { kind: 'none' } to deeply equal { kind: 'stale' } (two rows)
M5  post-refusal hello: promise rejected "Error: [AsyncIdQueue] Cannot access queue…" instead of resolving
M6  AssertionError: expected null not to be null at yesterday-daemon probe
M7  expected false to be true for runtime disposer observation
M8  expected observed contract 5.4, received fabricated 5.3
M9  expected { kind: 'off-nix' }, received known legacy-build-must-not-be-trusted
M10 expected report-mismatch, received adopt
M11 promise rejected "Error: connect ENOENT …" instead of resolving
M12 both half-pair rows: expected readBakedIdentity to throw
M13 expected { staleKey: '', navigableCommit: '' }, received undefined
M14 expected presence kind connected, received warming
M15 expected { kind: 'stale' }, received { kind: 'none' }
M16 expected restart affordance true, received false
M17 closure equality included log/src/loggerStubs.testutil.ts although unreachable
M18 both-explicitly-empty: expected readBakedIdentity to throw
M19 partial frozen Kaval identity resolved a connection instead of rejecting
M20 contradictory frozen/system boot instants resolved a connection instead of rejecting
M21 expected error logger call count 1, received 0

W1-M1
command: pnpm --filter @kolu/padi exec vitest run src/ptyHost/connect.test.ts -t 'projects honest unknown'
exit: 1
failure:
  - "buildCommit": null
  + "buildCommit": "legacy-commit-must-not-be-trusted"

W1-M2
command: pnpm --filter @kolu/padi exec vitest run src/ptyHost/connect.test.ts -t 'projects honest unknown'
exit: 1
failure:
  - "navigableCommit": ""
  - "staleKey": ""
  + "navigableCommit": "legacy-commit-must-not-be-trusted"
  + "staleKey": "legacy-build-must-not-be-trusted"

W1-M3
command: pnpm --filter @kolu/surface-daemon-supervisor exec vitest run src/probeDaemonIdentity.test.ts -t 'reader rejects'
exit: 1
failures:
  missing buildId: promise resolved instead of rejecting
  missing commit: promise resolved instead of rejecting
  empty buildId: promise resolved instead of rejecting
  empty commit: promise resolved instead of rejecting

W1-M4
command: pnpm --filter @kolu/padi exec vitest run src/ptyHost/connect.test.ts -t 'half-present'
exit: 1
failure:
  promise resolved { buildCommit: null, contractVersion: null, terminalCount: null }
  instead of rejecting the contradictory frozen identity

W1-M5
command: pnpm --filter @kolu/padi exec vitest run src/hostInventory.test.ts -t 'probe that THROWS'
exit: 1
failure:
  promise resolved a two-row inventory whose failed row carried
  { buildCommit: null, contractVersion: null, terminalCount: null }
  instead of rejecting "probe blew up"
